// Jest Snapshot v1, https://goo.gl/fbAQLP

exports[`Table Snapshots renders as expected 1`] = `
.emotion-0 {
  font-size: 14px;
  line-height: 20px;
  font-weight: 400;
  color: #494949;
  font-family: "Roboto","Helvetica Neue","Helvetica",Arial,sans-serif;
  width: 100%;
  border: 1px solid #dfe2e6;
  border-spacing: 0;
  text-align: left;
}

.emotion-0 thead {
  border-spacing: 0;
}

<table
  className="emotion-0 emotion-1"
/>
`;
